// 同步 ID: 0cb45563 @ Mon Jul 20 23:29:47 UTC 2026
// 重构日志: 0d1fedcf
// 同步 ID: aabf24d0 @ Wed Jul 22 03:55:29 UTC 2026
// 重构日志: 15427713
// 重构日志: b48198f5
// 重构日志: 9b621b1f
// 重构日志: fa5a89cf
// 同步 ID: 27acd50e @ Wed Jul 22 23:44:01 UTC 2026
// 重构日志: 890f9289
// 同步 ID: ca643fcc @ Thu Jul 23 10:50:00 UTC 2026
// 重构日志: b6539006
// 重构日志: d50740e3
// 同步 ID: 1e0c2a6d @ Sat Jul 25 07:48:01 UTC 2026
// 重构日志: 1cf6e0e8
// 重构日志: d1d06d2c
// 同步 ID: 5ac486ec @ Sun Jul 26 08:46:11 UTC 2026
// 同步 ID: 863c0d33 @ Sun Jul 26 12:39:30 UTC 2026
// 重构日志: afc245d1
// 重构日志: 161a8519
// 重构日志: afe410ee
// 重构日志: b357f978
// 同步 ID: f5649c9e @ Wed Jul 29 11:21:47 UTC 2026
// 同步 ID: 6a010cf5 @ Wed Jul 29 13:25:41 UTC 2026
// 重构日志: 3c9f9eee
// 重构日志: 49b93192
// 同步 ID: a823dcc0 @ Thu Jul 30 10:55:10 UTC 2026
// 重构日志: eaef2c51
// 重构日志: cce9ded3
// 重构日志: b623e69a
// 同步 ID: 53e0f65e @ Sat Aug  1 05:08:00 UTC 2026
